// Vitest Snapshot v1, https://vitest.dev/guide/snapshot.html

exports[`Navigation component tests > renders navigation links 1`] = `
<div>
  <nav
    class="_root_b30331"
  >
    <a
      aria-current="page"
      class="_navButton_b30331 _active_b30331"
      data-discover="true"
      data-testid="homeNavLink"
      href="/"
    >
      Home
    </a>
    <a
      class="_navButton_b30331"
      data-discover="true"
      data-testid="shopNavLink"
      href="/shop"
    >
      Shop
    </a>
    <a
      aria-label="Cart, total count 0"
      class="_navButton_b30331"
      data-discover="true"
      data-testid="cartNavLink"
      href="/cart"
    >
      <svg
        aria-hidden="true"
        class="lucide lucide-shopping-cart"
        fill="none"
        height="24"
        stroke="currentColor"
        stroke-linecap="round"
        stroke-linejoin="round"
        stroke-width="2"
        viewBox="0 0 24 24"
        width="24"
        xmlns="http://www.w3.org/2000/svg"
      >
        <circle
          cx="8"
          cy="21"
          r="1"
        />
        <circle
          cx="19"
          cy="21"
          r="1"
        />
        <path
          d="M2.05 2.05h2l2.66 12.42a2 2 0 0 0 2 1.58h9.78a2 2 0 0 0 1.95-1.57l1.65-7.43H5.12"
        />
      </svg>
      <span
        data-testid="cartTotalCount"
      >
        0
      </span>
    </a>
  </nav>
</div>
`;
